

***************************************
*     U-Boot 1.1.4-ffaaa3d1-clean     *
*          Build: 2023-11-16          *
***************************************

** Warning: bad env CRC, using default,
   use 'saveenv' to save it in FLASH

  BOARD: Blink Sync Module
    SOC: AR9330 rev. 1
    CPU: MIPS 24Kc
    RAM: 64 MB DDR2 16-bit CL3-4-4-10
  FLASH: 8 MB Winbond W25Q64
    MAC: 00:03:7F:09:0B:AD (fixed)
 CLOCKS: CPU/RAM/AHB/SPI/REF
         400/400/200/ 25/ 25 MHz

Waiting for button press  0secWaiting for button press  1secWaiting for button press  2secWaiting for button press  3secWaiting for button press  4secBooting image from 0x9F050000...

   Image name:    MIPS OpenWrt Linux-4.14.180
   Build date:    2020-05-16 18:32:20 UTC
   Architecture:  MIPS
   OS/image type: Linux Kernel
   Compression:   LZMA
   Data size:     1.5 MB (1576571 bytes)
   Load address:  0x80060000
   Entry point:   0x80060000

   Header CRC...  OK!
   Data CRC...    skipped

Uncompressing Kernel... OK!
Starting kernel...

[    0.000000] Linux version 4.14.180 (@4240db61985c) (gcc version 7.5.0 (OpenWrt GCC 7.5.0 r11063-85e04e9f46)) #0 Sat May 16 18:32:20 2020
[    0.000000] bootconsole [early0] enabled
[    0.000000] CPU0 revision is: 00019374 (MIPS 24Kc)
[    0.000000] SoC: Atheros AR9330 rev 1
[    0.000000] Determined physical RAM map:
[    0.000000]  memory: 04000000 @ 00000000 (usable)
[    0.000000] User-defined physical RAM map:
[    0.000000]  memory: 04000000 @ 00000000 (usable)
[    0.000000] Initrd not found or empty - disabling initrd
[    0.000000] Primary instruction cache 64kB, VIPT, 4-way, linesize 32 bytes.
[    0.000000] Primary data cache 32kB, 4-way, VIPT, cache aliases, linesize 32 bytes
[    0.000000] Zone ranges:
[    0.000000]   Normal   [mem 0x0000000000000000-0x0000000003ffffff]
[    0.000000] Movable zone start for each node
[    0.000000] Early memory node ranges
[    0.000000]   node   0: [mem 0x0000000000000000-0x0000000003ffffff]
[    0.000000] Initmem setup node 0 [mem 0x0000000000000000-0x0000000003ffffff]
[    0.000000] random: get_random_bytes called from start_kernel+0x90/0x478 with crng_init=0
[    0.000000] Built 1 zonelists, mobility grouping on.  Total pages: 16256
[    0.000000] Kernel command line: console=ttyATH0,115200 rootfstype=jffs2 init=/sbin/init board=AP121 mtdparts=spi0.0:256k(u-boot),64k(u-boot-env),1728k(kernel),6016k(rootfs),64k(NVRAM),64k(ART) mem=64M rootfstype=squashfs,jffs2 noinitrd rootfstype=squashfs noinitrd
[    0.000000] PID hash table entries: 256 (order: -2, 1024 bytes)
[    0.000000] Dentry cache hash table entries: 8192 (order: 3, 32768 bytes)
[    0.000000] Inode-cache hash table entries: 4096 (order: 2, 16384 bytes)
[    0.000000] Writing ErrCtl register=00000000
[    0.000000] Readback ErrCtl register=00000000
[    0.000000] Memory: 59352K/65536K available (3637K kernel code, 187K rwdata, 876K rodata, 284K init, 198K bss, 6184K reserved, 0K cma-reserved)
[    0.000000] SLUB: HWalign=32, Order=0-3, MinObjects=0, CPUs=1, Nodes=1
[    0.000000] NR_IRQS: 51
[    0.000000] Clocks: CPU:400.000MHz, DDR:400.000MHz, AHB:200.000MHz, Ref:25.000MHz
[    0.000000] clocksource: MIPS: mask: 0xffffffff max_cycles: 0xffffffff, max_idle_ns: 9556302233 ns
[    0.000014] sched_clock: 32 bits at 200MHz, resolution 5ns, wraps every 10737418237ns
[    0.007901] Calibrating delay loop... 265.42 BogoMIPS (lpj=1327104)
[    0.092709] pid_max: default: 32768 minimum: 301
[    0.097641] Mount-cache hash table entries: 1024 (order: 0, 4096 bytes)
[    0.103968] Mountpoint-cache hash table entries: 1024 (order: 0, 4096 bytes)
[    0.114525] clocksource: jiffies: mask: 0xffffffff max_cycles: 0xffffffff, max_idle_ns: 19112604462750000 ns
[    0.122924] futex hash table entries: 256 (order: -1, 3072 bytes)
[    0.129708] NET: Registered protocol family 16
[    0.135548] MIPS: machine is Atheros AP121 reference board
[    0.682648] clocksource: Switched to clocksource MIPS
[    0.687737] NET: Registered protocol family 2
[    0.691838] TCP established hash table entries: 1024 (order: 0, 4096 bytes)
[    0.697673] TCP bind hash table entries: 1024 (order: 0, 4096 bytes)
[    0.704004] TCP: Hash tables configured (established 1024 bind 1024)
[    0.710511] UDP hash table entries: 256 (order: 0, 4096 bytes)
[    0.716207] UDP-Lite hash table entries: 256 (order: 0, 4096 bytes)
[    0.722802] NET: Registered protocol family 1
[    0.735007] workingset: timestamp_bits=30 max_order=14 bucket_order=0
[    0.747712] squashfs: version 4.0 (2009/01/31) Phillip Lougher
[    0.752095] jffs2: version 2.2 (NAND) (SUMMARY) (LZMA) (RTIME) (CMODE_PRIORITY) (c) 2001-2006 Red Hat, Inc.
[    0.775487] io scheduler noop registered
[    0.777963] io scheduler deadline registered (default)
[    0.783937] Serial: 8250/16550 driver, 1 ports, IRQ sharing disabled
[    0.790031] ar933x-uart: ttyATH0 at MMIO 0x18020000 (irq = 11, base_baud = 1562500) is a AR933X UART
[    0.799096] console [ttyATH0] enabled
[    0.799096] console [ttyATH0] enabled
[    0.805881] bootconsole [early0] disabled
[    0.805881] bootconsole [early0] disabled
[    0.819704] m25p80 spi0.0: found s25fl064k, expected m25p80
[    0.833622] m25p80 spi0.0: s25fl064k (8192 Kbytes)
[    0.837004] 6 cmdlinepart partitions found on MTD device spi0.0
[    0.842909] Creating 6 MTD partitions on "spi0.0":
[    0.847652] 0x000000000000-0x000000040000 : "u-boot"
[    0.855034] 0x000000040000-0x000000050000 : "u-boot-env"
[    0.860902] 0x000000050000-0x000000200000 : "kernel"
[    0.867344] 0x000000200000-0x0000007e0000 : "rootfs"
[    0.871965] mtd: device 3 (rootfs) set to be root filesystem
[    0.876650] 1 squashfs-split partitions found on MTD device rootfs
[    0.882711] 0x000000640000-0x0000007e0000 : "rootfs_data"
[    0.891252] 0x0000007e0000-0x0000007f0000 : "NVRAM"
[    0.896803] 0x0000007f0000-0x000000800000 : "ART"
[    0.904412] libphy: Fixed MDIO Bus: probed
[    0.929683] libphy: ag71xx_mdio: probed
[    1.554157] ag71xx-mdio.1: Found an AR7240/AR9330 built-in switch
[    1.596075] eth0: Atheros AG71xx at 0xba000000, irq 5, mode: gmii
[    2.224458] ag71xx ag71xx.0: connected to PHY at ag71xx-mdio.1:04 [uid=004dd041, driver=Generic PHY]
[    2.233054] eth1: Atheros AG71xx at 0xb9000000, irq 4, mode: mii
[    2.240456] NET: Registered protocol family 10
[    2.249653] Segment Routing with IPv6
[    2.251996] NET: Registered protocol family 17
[    2.257268] 8021q: 802.1Q VLAN Support v1.8
[    2.268703] VFS: Mounted root (squashfs filesystem) readonly on device 31:3.
[    2.276857] Freeing unused kernel memory: 284K
[    2.279843] This architecture does not have kernel memory protection.
[    2.542673] random: fast init done
[    3.099866] init: Console is alive
[    3.102157] init: - watchdog -
[    4.584733] kmodloader: loading kernel modules from /etc/modules-boot.d/*
[    4.704375] usbcore: registered new interface driver usbfs
[    4.708488] usbcore: registered new interface driver hub
[    4.713947] usbcore: registered new device driver usb
[    4.728051] exFAT: Version 1.2.9
[    4.734599] ehci_hcd: USB 2.0 'Enhanced' Host Controller (EHCI) Driver
[    4.753133] SCSI subsystem initialized
[    4.762949] ehci-platform: EHCI generic platform driver
[    4.766863] ehci-platform ehci-platform: EHCI Host Controller
[    4.772497] ehci-platform ehci-platform: new USB bus registered, assigned bus number 1
[    4.782555] ehci-platform ehci-platform: irq 3, io mem 0x1b000000
[    4.812707] ehci-platform ehci-platform: USB 2.0 started, EHCI 1.00
[    4.818749] hub 1-0:1.0: USB hub found
[    4.821740] hub 1-0:1.0: 1 port detected
[    4.830434] ohci_hcd: USB 1.1 'Open' Host Controller (OHCI) Driver
[    4.837029] ohci-platform: OHCI generic platform driver
[    4.847227] usbcore: registered new interface driver usb-storage
[    4.852801] kmodloader: done loading kernel modules from /etc/modules-boot.d/*
[    4.862821] init: - preinit -
Press the [1], [2], [3] or [4] key and hit [enter] to select the debug level
4
[    7.052176] jffs2: notice: (392) jffs2_build_xattr_subsystem: complete building xattr subsystem, 7 of xdatum (0 unchecked, 4 orphan) and 13 of xref (4 dead, 0 orphan) found.
[    7.072366] mount_root: switching to jffs2 overlay
[    7.101935] overlayfs: upper fs does not support tmpfile.
[    7.134653] procd: Change state 0 -> 1
[    7.137086] procd: - early -
[    7.139935] procd: Watchdog handover: fd=3
[    7.144143] procd: - watchdog -
[    7.147137] procd: Ping
[    7.149611] procd: Opened watchdog with timeout 21s
[    7.212754] procd: {{"ACTION":"add","DEVPATH":"/devices/virtual/mem/full","SUBSYSTEM":"mem","SYNTH_UUID":"0","MAJOR":"1","MINOR":"7","DEVNAME":"full","DEVMODE":"0666","SEQNUM":"350"}}
[    7.247317] procd: Command: makedev
[    7.249481] procd:  /dev/full
[    7.252425] procd:  0666
[    7.255171] procd: Message:
[    7.257729] procd:  ACTION=add
[    7.260767] procd:  DEVPATH=/devices/virtual/mem/full
[    7.265897] procd:  SUBSYSTEM=mem
[    7.269098] procd:  SYNTH_UUID=0
[    7.272309] procd:  MAJOR=1
[    7.275175] procd:  MINOR=7
[    7.277864] procd:  DEVNAME=full
[    7.281075] procd:  DEVMODE=0666
[    7.284821] procd:  SEQNUM=350
[    7.287622] procd: Finished udevtrigger
[    7.291417] procd: {{"ACTION":"add","DEVPATH":"/devices/virtual/mem/urandom","SUBSYSTEM":"mem","SYNTH_UUID":"0","MAJOR":"1","MINOR":"9","DEVNAME":"urandom","DEVMODE":"0666","SEQNUM":"351"}}
[    7.308228] procd: Command: makedev
[    7.311457] procd:  /dev/urandom
[    7.314899] procd:  0666
[    7.317183] procd: Message:
[    7.319966] procd:  ACTION=add
[    7.323103] procd:  DEVPATH=/devices/virtual/mem/urandom
[    7.328298] procd:  SUBSYSTEM=mem
[    7.331597] procd:  SYNTH_UUID=0
[    7.334895] procd:  MAJOR=1
[    7.337587] procd:  MINOR=9
[    7.340362] procd:  DEVNAME=urandom
[    7.344368] procd:  DEVMODE=0666
[    7.347051] procd:  SEQNUM=351
[    7.350510] procd: {{"ACTION":"add","DEVPATH":"/devices/virtual/mem/null","SUBSYSTEM":"mem","SYNTH_UUID":"0","MAJOR":"1","MINOR":"3","DEVNAME":"null","DEVMODE":"0666","SEQNUM":"352"}}
[    7.366645] procd: Command: makedev
[    7.369878] procd:  /dev/null
[    7.373030] procd:  0666
[    7.375343] procd: Message:
[    7.378124] procd:  ACTION=add
[    7.381164] procd:  DEVPATH=/devices/virtual/mem/null
[    7.386299] procd:  SUBSYSTEM=mem
[    7.389498] procd:  SYNTH_UUID=0
[    7.392793] procd:  MAJOR=1
[    7.395493] procd:  MINOR=3
[    7.398263] procd:  DEVNAME=null
[    7.401472] procd:  DEVMODE=0666
[    7.405208] procd:  SEQNUM=352
[    7.408109] procd: {{"ACTION":"add","DEVPATH":"/devices/virtual/mem/random","SUBSYSTEM":"mem","SYNTH_UUID":"0","MAJOR":"1","MINOR":"8","DEVNAME":"random","DEVMODE":"0666","SEQNUM":"353"}}
[    7.424633] procd: Command: makedev
[    7.427864] procd:  /dev/random
[    7.430986] procd:  0666
[    7.433705] procd: Message:
[    7.436287] procd:  ACTION=add
[    7.439323] procd:  DEVPATH=/devices/virtual/mem/random
[    7.444630] procd:  SUBSYSTEM=mem
[    7.447828] procd:  SYNTH_UUID=0
[    7.451042] procd:  MAJOR=1
[    7.453909] procd:  MINOR=8
[    7.456596] procd:  DEVNAME=random
[    7.459980] procd:  DEVMODE=0666
[    7.463719] procd:  SEQNUM=353
[    7.466610] procd: {{"ACTION":"add","DEVPATH":"/devices/virtual/misc/network_latency","SUBSYSTEM":"misc","SYNTH_UUID":"0","MAJOR":"10","MINOR":"62","DEVNAME":"network_latency","SEQNUM":"354"}}
[    7.483823] procd: Command: makedev
[    7.486810] procd:  /dev/network_latency
[    7.490707] procd:  0600
[    7.493441] procd: Message:
[    7.496008] procd:  ACTION=add
[    7.499048] procd:  DEVPATH=/devices/virtual/misc/network_latency
[    7.505219] procd:  SUBSYSTEM=misc
[    7.508510] procd:  SYNTH_UUID=0
[    7.511721] procd:  MAJOR=10
[    7.514669] procd:  MINOR=62
[    7.517449] procd:  DEVNAME=network_latency
[    7.521614] procd:  SEQNUM=354
[    7.525698] procd: {{"ACTION":"add","DEVPATH":"/devices/virtual/misc/memory_bandwidth","SUBSYSTEM":"misc","SYNTH_UUID":"0","MAJOR":"10","MINOR":"60","DEVNAME":"memory_bandwidth","SEQNUM":"355"}}
[    7.542507] procd: Command: makedev
[    7.545515] procd:  /dev/memory_bandwidth
[    7.549392] procd:  0600
[    7.551902] procd: Message:
[    7.554880] procd:  ACTION=add
[    7.557731] procd:  DEVPATH=/devices/virtual/misc/memory_bandwidth
[    7.563987] procd:  SUBSYSTEM=misc
[    7.567275] procd:  SYNTH_UUID=0
[    7.570484] procd:  MAJOR=10
[    7.573437] procd:  MINOR=60
[    7.576216] procd:  DEVNAME=memory_bandwidth
[    7.580469] procd:  SEQNUM=355
[    7.584488] procd: {{"ACTION":"add","DEVPATH":"/devices/virtual/misc/cpu_dma_latency","SUBSYSTEM":"misc","SYNTH_UUID":"0","MAJOR":"10","MINOR":"63","DEVNAME":"cpu_dma_latency","SEQNUM":"356"}}
[    7.601092] procd: Command: makedev
[    7.604190] procd:  /dev/cpu_dma_latency
[    7.607983] procd:  0600
[    7.610493] procd: Message:
[    7.613485] procd:  ACTION=add
[    7.616323] procd:  DEVPATH=/devices/virtual/misc/cpu_dma_latency
[    7.622400] procd:  SUBSYSTEM=misc
[    7.625877] procd:  SYNTH_UUID=0
[    7.628994] procd:  MAJOR=10
[    7.631856] procd:  MINOR=63
[    7.634811] procd:  DEVNAME=cpu_dma_latency
[    7.638889] procd:  SEQNUM=356
[    7.642388] procd: {{"ACTION":"add","DEVPATH":"/devices/virtual/misc/watchdog","SUBSYSTEM":"misc","SYNTH_UUID":"0","MAJOR":"10","MINOR":"130","DEVNAME":"watchdog","SEQNUM":"357"}}
[    7.658816] procd: Command: makedev
[    7.661381] procd:  /dev/watchdog
[    7.664779] procd:  0600
[    7.667180] procd: Message:
[    7.669964] procd:  ACTION=add
[    7.673092] procd:  DEVPATH=/devices/virtual/misc/watchdog
[    7.678474] procd:  SUBSYSTEM=misc
[    7.681855] procd:  SYNTH_UUID=0
[    7.685264] procd:  MAJOR=10
[    7.687936] procd:  MINOR=130
[    7.690886] procd:  DEVNAME=watchdog
[    7.694541] procd:  SEQNUM=357
[    7.697957] procd: {{"ACTION":"add","DEVPATH":"/devices/virtual/misc/network_throughput","SUBSYSTEM":"misc","SYNTH_UUID":"0","MAJOR":"10","MINOR":"61","DEVNAME":"network_throughput","SEQNUM":"358"}}
[    7.716022] procd: Command: makedev
[    7.718584] procd:  /dev/network_throughput
[    7.722863] procd:  0600
[    7.725255] procd: Message:
[    7.728038] procd:  ACTION=add
[    7.731082] procd:  DEVPATH=/devices/virtual/misc/network_throughput
[    7.737501] procd:  SUBSYSTEM=misc
[    7.740797] procd:  SYNTH_UUID=0
[    7.744206] procd:  MAJOR=10
[    7.746880] procd:  MINOR=61
[    7.749740] procd:  DEVNAME=network_throughput
[    7.754264] procd:  SEQNUM=358
[    7.757685] procd: {{"ACTION":"add","DEVPATH":"/devices/virtual/tty/ptmx","SUBSYSTEM":"tty","SYNTH_UUID":"0","MAJOR":"5","MINOR":"2","DEVNAME":"ptmx","DEVMODE":"0666","SEQNUM":"359"}}
[    7.774206] procd: Command: makedev
[    7.777000] procd:  /dev/ptmx
[    7.779947] procd:  0666
[    7.782459] procd: Message:
[    7.785354] procd:  ACTION=add
[    7.788286] procd:  DEVPATH=/devices/virtual/tty/ptmx
[    7.793407] procd:  SUBSYSTEM=tty
[    7.796616] procd:  SYNTH_UUID=0
[    7.799826] procd:  MAJOR=5
[    7.802606] procd:  MINOR=2
[    7.805574] procd:  DEVNAME=ptmx
[    7.808596] procd:  DEVMODE=0666
[    7.811808] procd:  SEQNUM=359
[    7.815299] procd: {{"ACTION":"add","DEVPATH":"/devices/virtual/tty/console","SUBSYSTEM":"tty","SYNTH_UUID":"0","MAJOR":"5","MINOR":"1","DEVNAME":"console","SEQNUM":"360"}}
[    7.830677] procd: Command: makedev
[    7.834636] procd:  /dev/console
[    7.836893] procd:  0600
[    7.839403] procd: Message:
[    7.842188] procd:  ACTION=add
[    7.845333] procd:  DEVPATH=/devices/virtual/tty/console
[    7.850523] procd:  SUBSYSTEM=tty
[    7.853908] procd:  SYNTH_UUID=0
[    7.857033] procd:  MAJOR=5
[    7.859809] procd:  MINOR=1
[    7.862587] procd:  DEVNAME=console
[    7.866248] procd:  SEQNUM=360
[    7.869642] procd: {{"ACTION":"add","DEVPATH":"/devices/platform/serial8250/tty/ttyS0","SUBSYSTEM":"tty","SYNTH_UUID":"0","MAJOR":"4","MINOR":"64","DEVNAME":"ttyS0","SEQNUM":"361"}}
[    7.885725] procd: Command: makedev
[    7.888722] procd:  /dev/ttyS0
[    7.891751] procd:  0660
[    7.894896] procd:  dialout
[    7.897049] procd: Message:
[    7.899828] procd:  ACTION=add
[    7.902971] procd:  DEVPATH=/devices/platform/serial8250/tty/ttyS0
[    7.909029] procd:  SUBSYSTEM=tty
[    7.912326] procd:  SYNTH_UUID=0
[    7.915627] procd:  MAJOR=4
[    7.918316] procd:  MINOR=64
[    7.921180] procd:  DEVNAME=ttyS0
[    7.924671] procd:  SEQNUM=361
[    7.928171] procd: Command: makedev
[    7.931000] procd:  /dev/ttyS0
[    7.934144] procd:  0600
[    7.936540] procd: Message:
[    7.939325] procd:  ACTION=add
[    7.942366] procd:  DEVPATH=/devices/platform/serial8250/tty/ttyS0
[    7.948616] procd:  SUBSYSTEM=tty
[    7.951824] procd:  SYNTH_UUID=0
[    7.955758] procd:  MAJOR=4
[    7.957815] procd:  MINOR=64
[    7.960679] procd:  DEVNAME=ttyS0
[    7.964081] procd:  SEQNUM=361
[    7.967462] procd: {{"ACTION":"add","DEVPATH":"/devices/platform/ar933x-uart/tty/ttyATH0","SUBSYSTEM":"tty","SYNTH_UUID":"0","MAJOR":"253","MINOR":"0","DEVNAME":"ttyATH0","SEQNUM":"362"}}
[    7.984259] procd: Command: makedev
[    7.987162] procd:  /dev/ttyATH0
[    7.990364] procd:  0660
[    7.992988] procd:  dialout
[    7.995654] procd: Message:
[    7.998438] procd:  ACTION=add
[    8.001479] procd:  DEVPATH=/devices/platform/ar933x-uart/tty/ttyATH0
[    8.007988] procd:  SUBSYSTEM=tty
[    8.011199] procd:  SYNTH_UUID=0
[    8.015066] procd:  MAJOR=253
[    8.017367] procd:  MINOR=0
[    8.020141] procd:  DEVNAME=ttyATH0
[    8.023716] procd:  SEQNUM=362
[    8.027043] procd: Command: makedev
[    8.030131] procd:  /dev/ttyATH0
[    8.033444] procd:  0600
[    8.035846] procd: Message:
[    8.038631] procd:  ACTION=add
[    8.041675] procd:  DEVPATH=/devices/platform/ar933x-uart/tty/ttyATH0
[    8.048292] procd:  SUBSYSTEM=tty
[    8.051394] procd:  SYNTH_UUID=0
[    8.054700] procd:  MAJOR=253
[    8.057554] procd:  MINOR=0
[    8.060332] procd:  DEVNAME=ttyATH0
[    8.063895] procd:  SEQNUM=362
[    8.067275] procd: {{"ACTION":"add","DEVPATH":"/devices/virtual/tty/tty","SUBSYSTEM":"tty","SYNTH_UUID":"0","MAJOR":"5","MINOR":"0","DEVNAME":"tty","DEVMODE":"0666","SEQNUM":"363"}}
[    8.083755] procd: Command: makedev
[    8.086465] procd:  /dev/tty
[    8.089322] procd:  0666
[    8.091835] procd: Message:
[    8.094730] procd:  ACTION=add
[    8.097660] procd:  DEVPATH=/devices/virtual/tty/tty
[    8.102608] procd:  SUBSYSTEM=tty
[    8.105998] procd:  SYNTH_UUID=0
[    8.109116] procd:  MAJOR=5
[    8.111896] procd:  MINOR=0
[    8.114865] procd:  DEVNAME=tty
[    8.117803] procd:  DEVMODE=0666
[    8.121008] procd:  SEQNUM=363
[    8.124527] procd: {{"ACTION":"add","DEVPATH":"/devices/platform/ath79-spi/spi_master/spi0/spi0.0/mtd/mtd4/mtdblock4","SUBSYSTEM":"block","SYNTH_UUID":"0","MAJOR":"31","MINOR":"4","DEVNAME":"mtdblock4","DEVTYPE":"disk","SEQNUM":"364"}}
[    8.146058] procd: Command: makedev
[    8.148361] procd:  /dev/mtdblock4
[    8.151732] procd:  0600
[    8.154362] procd: Message:
[    8.157034] procd:  ACTION=add
[    8.160075] procd:  DEVPATH=/devices/platform/ath79-spi/spi_master/spi0/spi0.0/mtd/mtd4/mtdblock4
[    8.169015] procd:  SUBSYSTEM=block
[    8.172399] procd:  SYNTH_UUID=0
[    8.175806] procd:  MAJOR=31
[    8.178477] procd:  MINOR=4
[    8.181253] procd:  DEVNAME=mtdblock4
[    8.184993] procd:  DEVTYPE=disk
[    8.188108] procd:  SEQNUM=364
[    8.191708] procd: {{"ACTION":"add","DEVPATH":"/devices/platform/ath79-spi/spi_master/spi0/spi0.0/mtd/mtd2/mtdblock2","SUBSYSTEM":"block","SYNTH_UUID":"0","MAJOR":"31","MINOR":"2","DEVNAME":"mtdblock2","DEVTYPE":"disk","SEQNUM":"365"}}
[    8.212951] procd: Command: makedev
[    8.215463] procd:  /dev/mtdblock2
[    8.218838] procd:  0600
[    8.221349] procd: Message:
[    8.224234] procd:  ACTION=add
[    8.227178] procd:  DEVPATH=/devices/platform/ath79-spi/spi_master/spi0/spi0.0/mtd/mtd2/mtdblock2
[    8.236222] procd:  SUBSYSTEM=block
[    8.239501] procd:  SYNTH_UUID=0
[    8.242800] procd:  MAJOR=31
[    8.245582] procd:  MINOR=2
[    8.248351] procd:  DEVNAME=mtdblock2
[    8.252000] procd:  DEVTYPE=disk
[    8.255301] procd:  SEQNUM=365
[    8.258747] procd: {{"ACTION":"add","DEVPATH":"/devices/platform/ath79-spi/spi_master/spi0/spi0.0/mtd/mtd0/mtdblock0","SUBSYSTEM":"block","SYNTH_UUID":"0","MAJOR":"31","MINOR":"0","DEVNAME":"mtdblock0","DEVTYPE":"disk","SEQNUM":"366"}}
[    8.280160] procd: Command: makedev
[    8.282561] procd:  /dev/mtdblock0
[    8.286048] procd:  0600
[    8.288451] procd: Message:
[    8.291236] procd:  ACTION=add
[    8.294364] procd:  DEVPATH=/devices/platform/ath79-spi/spi_master/spi0/spi0.0/mtd/mtd0/mtdblock0
[    8.303322] procd:  SUBSYSTEM=block
[    8.306602] procd:  SYNTH_UUID=0
[    8.309813] procd:  MAJOR=31
[    8.312755] procd:  MINOR=0
[    8.315474] procd:  DEVNAME=mtdblock0
[    8.319099] procd:  DEVTYPE=disk
[    8.322309] procd:  SEQNUM=366
[    8.325924] procd: {{"ACTION":"add","DEVPATH":"/devices/platform/ath79-spi/spi_master/spi0/spi0.0/mtd/mtd5/mtdblock5","SUBSYSTEM":"block","SYNTH_UUID":"0","MAJOR":"31","MINOR":"5","DEVNAME":"mtdblock5","DEVTYPE":"disk","SEQNUM":"367"}}
[    8.347138] procd: Command: makedev
[    8.349662] procd:  /dev/mtdblock5
[    8.353153] procd:  0600
[    8.355554] procd: Message:
[    8.358337] procd:  ACTION=add
[    8.361381] procd:  DEVPATH=/devices/platform/ath79-spi/spi_master/spi0/spi0.0/mtd/mtd5/mtdblock5
[    8.370317] procd:  SUBSYSTEM=block
[    8.373897] procd:  SYNTH_UUID=0
[    8.376915] procd:  MAJOR=31
[    8.379778] procd:  MINOR=5
[    8.382555] procd:  DEVNAME=mtdblock5
[    8.386299] procd:  DEVTYPE=disk
[    8.389412] procd:  SEQNUM=367
[    8.393059] procd: {{"ACTION":"add","DEVPATH":"/devices/platform/ath79-spi/spi_master/spi0/spi0.0/mtd/mtd3/mtdblock3","SUBSYSTEM":"block","SYNTH_UUID":"0","MAJOR":"31","MINOR":"3","DEVNAME":"mtdblock3","DEVTYPE":"disk","SEQNUM":"368"}}
[    8.414284] procd: Command: makedev
[    8.416762] procd:  /dev/mtdblock3
[    8.420140] procd:  0600
[    8.422745] procd: Message:
[    8.425463] procd:  ACTION=add
[    8.428478] procd:  DEVPATH=/devices/platform/ath79-spi/spi_master/spi0/spi0.0/mtd/mtd3/mtdblock3
[    8.437419] procd:  SUBSYSTEM=block
[    8.440801] procd:  SYNTH_UUID=0
[    8.444207] procd:  MAJOR=31
[    8.446883] procd:  MINOR=3
[    8.449657] procd:  DEVNAME=mtdblock3
[    8.453411] procd:  DEVTYPE=disk
[    8.456514] procd:  SEQNUM=368
[    8.460048] procd: {{"ACTION":"add","DEVPATH":"/devices/platform/ath79-spi/spi_master/spi0/spi0.0/mtd/mtd1/mtdblock1","SUBSYSTEM":"block","SYNTH_UUID":"0","MAJOR":"31","MINOR":"1","DEVNAME":"mtdblock1","DEVTYPE":"disk","SEQNUM":"369"}}
[    8.481395] procd: Command: makedev
[    8.483976] procd:  /dev/mtdblock1
[    8.487240] procd:  0600
[    8.489752] procd: Message:
[    8.492539] procd:  ACTION=add
[    8.495671] procd:  DEVPATH=/devices/platform/ath79-spi/spi_master/spi0/spi0.0/mtd/mtd1/mtdblock1
[    8.504625] procd:  SUBSYSTEM=block
[    8.507906] procd:  SYNTH_UUID=0
[    8.511116] procd:  MAJOR=31
[    8.514077] procd:  MINOR=1
[    8.516756] procd:  DEVNAME=mtdblock1
[    8.520403] procd:  DEVTYPE=disk
[    8.523704] procd:  SEQNUM=369
[    8.527144] procd: {{"ACTION":"add","DEVPATH":"/devices/platform/ath79-spi/spi_master/spi0/spi0.0/mtd/mtd6/mtdblock6","SUBSYSTEM":"block","SYNTH_UUID":"0","MAJOR":"31","MINOR":"6","DEVNAME":"mtdblock6","DEVTYPE":"disk","SEQNUM":"370"}}
[    8.548263] procd: Command: makedev
[    8.550965] procd:  /dev/mtdblock6
[    8.554453] procd:  0600
[    8.556855] procd: Message:
[    8.559638] procd:  ACTION=add
[    8.562750] procd:  DEVPATH=/devices/platform/ath79-spi/spi_master/spi0/spi0.0/mtd/mtd6/mtdblock6
[    8.571549] procd:  SUBSYSTEM=block
[    8.575209] procd:  SYNTH_UUID=0
[    8.578216] procd:  MAJOR=31
[    8.581080] procd:  MINOR=6
[    8.583956] procd:  DEVNAME=mtdblock6
[    8.587503] procd:  DEVTYPE=disk
[    8.590714] procd:  SEQNUM=370
[    9.094690] procd: Coldplug complete
[    9.096953] procd: Change state 1 -> 2
[    9.100667] procd: - watchdog -
[    9.103890] procd: Ping
[    9.106251] procd: Opened watchdog with timeout 21s
[    9.111369] procd: - ubus -
[    9.114153] procd: Create service ubus
[    9.117674] procd: Start instance ubus::instance1
[    9.123162] procd: Started instance ubus::instance1[439]
[    9.127776] procd: running /etc/init.d/ubus running
[    9.143162] procd: glob failed on /etc/init.d/ubus
[    9.278299] random: ubusd: uninitialized urandom read (4 bytes read)
[    9.284369] random: ubusd: uninitialized urandom read (4 bytes read)
[    9.290240] random: ubusd: uninitialized urandom read (4 bytes read)
[    9.297459] procd: Connected to ubus, id=c75b8065
[    9.300872] procd: Change state 2 -> 3
[    9.304847] procd: - init -
[    9.308306] procd: Parsing inittab - ::sysinit:/etc/init.d/rcS S boot
[    9.314026] procd: Parsing inittab - ::shutdown:/etc/init.d/rcS K shutdown
[    9.320729] procd: Parsing inittab - ::askconsole:/bin/false
[    9.327574] procd: Launched new askconsole action, pid=440
[    9.331932] procd: running /etc/rc.d/S* boot
Please press Enter to activate this console.
[    9.752596] kmodloader: loading kernel modules from /etc/modules.d/*
[    9.790058] usbcore: registered new interface driver cdc_acm
[    9.794356] cdc_acm: USB Abstract Control Model driver for USB modems and ISDN adapters
[    9.806041] usbcore: registered new interface driver cdc_wdm
[    9.813725] Loading modules backported from Linux version v4.19.120-0-gfdc072324f3c
[    9.819929] Backport generated by backports.git v4.19.120-1-0-g60c3a249
[    9.828977] lib80211: common routines for IEEE802.11 drivers
[    9.929476] usbcore: registered new interface driver qmi_wwan
[   10.004973] ieee80211 phy0: Atheros AR9330 Rev:1 mem=0xb8100000, irq=2
[   10.054820] kmodloader: done loading kernel modules from /etc/modules.d/*
[   11.554244] urandom_read: 5 callbacks suppressed
[   11.554257] random: jshn: uninitialized urandom read (4 bytes read)
[   11.672064] random: ubusd: uninitialized urandom read (4 bytes read)
[   18.755126] register deadman  0
[   18.757037] deadman_timer version: 1.38
[   20.896494] Found 0 in mtd5
[   20.954911] eu mode
[   20.955557] chip reset
[   20.977701] si4455_ioctl version: 1.61
[   21.197183] br-lan: port 1(eth0) entered blocking state
[   21.200964] br-lan: port 1(eth0) entered disabled state
[   21.206689] device eth0 entered promiscuous mode
[   21.228767] br-lan: port 1(eth0) entered blocking state
[   21.232548] br-lan: port 1(eth0) entered forwarding state
[   21.238220] IPv6: ADDRCONF(NETDEV_UP): br-lan: link is not ready
[   21.281416] IPv6: ADDRCONF(NETDEV_UP): eth1: link is not ready
[   21.738131] IPv6: ADDRCONF(NETDEV_UP): wlan0: link is not ready
[   22.093360] br-lan: port 1(eth0) entered disabled state
[   23.260735] ath: EEPROM regdomain: 0x810c
[   23.263368] ath: EEPROM indicates we should expect a country code
[   23.269368] ath: doing EEPROM country->regdmn map search
[   23.274692] ath: country maps to regdmn code: 0x30
[   23.279437] ath: Country alpha2 being used: GE
[   23.283874] ath: Regpair used: 0x30
[   23.287339] ath: regdomain 0x810c dynamically updated by user
[   23.516183] IPv6: ADDRCONF(NETDEV_UP): eth1: link is not ready
[   24.743047] device eth0 left promiscuous mode
[   24.746065] br-lan: port 1(eth0) entered disabled state
[   24.784900] IPv6: ADDRCONF(NETDEV_UP): eth0: link is not ready
[   26.134111] IPv6: ADDRCONF(NETDEV_UP): wlan0: link is not ready
[   26.538763] br-lan: port 1(wlan0) entered blocking state
[   26.542715] br-lan: port 1(wlan0) entered disabled state
[   26.548330] device wlan0 entered promiscuous mode
[   26.650225] IPv6: ADDRCONF(NETDEV_CHANGE): wlan0: link becomes ready
[   28.546440] device wlan0 left promiscuous mode
[   28.549750] br-lan: port 1(wlan0) entered disabled state
INFO  (pp/smapp.c: 437) [18:33:54.399]STARTUP IMMI 40
ERROR (rsist_rw.c: 103) [18:33:54.399]Cannot open /root/persist_sm.log
INFO  (util/log.c: 458) [18:33:54.400]unable to access persistent log file [-3]
WARN  (rsist_ob.c:  46) [18:33:54.535]File Not found /root/config/.server
WARN  (rsist_ob.c:  46) [18:33:54.536]File Not found /root/config/wifi/ssid
WARN  (rsist_ob.c:  46) [18:33:54.537]File Not found /root/config/wifi/key
WARN  (rsist_ob.c:  46) [18:33:54.537]File Not found /root/config/auth/sm_auth
WARN  (rsist_ob.c:  46) [18:33:54.568]File Not found /root/config/wifi/encryption
WARN  (rsist_ob.c:  46) [18:33:54.569]File Not found /root/config/auth/sm_id
ERROR (rsist_ob.c:  77) [18:33:54.569]Invalid number in /root/config/auth/sm_id
WARN  (rsist_ob.c:  46) [18:33:54.570]File Not found /root/config/auth/network_id
ERROR (rsist_ob.c:  77) [18:33:54.571]Invalid number in /root/config/auth/network_id
WARN  (pp/smapp.c:1951) [18:33:54.571]File Not found /tmp/ap_mode
INFO  (pp/smapp.c: 494) [18:33:54.749]OS 4.4.2 FW 4.5.17 DRV 1.61
INFO  (cs/imssl.c: 137) [18:33:54.898]Loading client cert into imssl context
ERROR (rsist_rw.c: 103) [18:33:54.899]Cannot open /root/config/serv_priv_key_inactive.der
ERROR (rsist_rw.c: 103) [18:33:54.899]Cannot open /root/config/server_cert_inactive.der
INFO  (pp/smapp.c: 542) [18:33:54.900]cam2sm key/cert -3 -3
INFO  (k_listen.c: 622) [18:33:54.900]sock worker [77a22d7c]
INFO  (   ob/ob.c: 217) [18:33:54.901]Initializing OB SEM
INFO  (   ob/ob.c: 286) [18:33:54.902]Encryption suite set to version 2
INFO  (pd/httpd.c: 376) [18:33:54.902]Server ready to accept connection
[   30.936807] br-lan: port 1(eth0) entered blocking state
[   30.940590] br-lan: port 1(eth0) entered disabled state
[   30.946288] device eth0 entered promiscuous mode
[   30.964951] IPv6: ADDRCONF(NETDEV_UP): br-lan: link is not ready
[   31.000431] IPv6: ADDRCONF(NETDEV_UP): eth1: link is not ready
INFO  (  cs/net.c: 243) [18:33:56.808]we version compiled value = 22
ERROR (  cs/net.c: 251) [18:33:56.808]Scan Trigger ioctl failed for if wlan0: Network is down
ERROR (   ob/ob.c: 308) [18:33:56.809]Could not parse site scan info. Aborting
INFO  (ndpoints.c: 287) [18:33:56.810]Log length 1626 1626
INFO  (ndpoints.c: 295) [18:33:56.810]len less than than 4000 bytes, but greater than 100
INFO  (ndpoints.c: 304) [18:33:56.811]Wanted to read 1526 bytes. Read 1526 bytes
INFO  (/imcjson.c: 134) [18:33:57.318]Found carriage returns: 54
INFO  (/imcjson.c: 135) [18:33:57.319]Found new lines: 21
INFO  (   ob/ob.c: 705) [18:33:57.319]Starting AP mode: BLINK-1Q50
INFO  (s_config.c: 188) [18:33:57.320]Command to run: wifi
INFO  (util/sys.c: 111) [18:33:57.694]Command was run: wifi Status: 0
INFO  (   ob/ob.c: 711) [18:33:57.694]Command to run: /root/apps/led_controller/led_controller 24
INFO  (util/sys.c: 111) [18:33:57.737]Command was run: /root/apps/led_controller/led_controller 24 Status: 0
INFO  (   ob/ob.c: 715) [18:33:57.769]AP mode active
[   32.931031] IPv6: ADDRCONF(NETDEV_UP): wlan0: link is not ready
[   33.088998] br-lan: port 2(wlan0) entered blocking state
[   33.092952] br-lan: port 2(wlan0) entered disabled state
[   33.098618] device wlan0 entered promiscuous mode
[   33.167260] IPv6: ADDRCONF(NETDEV_CHANGE): wlan0: link becomes ready
[   33.172550] br-lan: port 2(wlan0) entered blocking state
[   33.177573] br-lan: port 2(wlan0) entered forwarding state
[   33.233336] IPv6: ADDRCONF(NETDEV_CHANGE): br-lan: link becomes ready
udhcpc: started, v1.30.1
udhcpc: sending discover
udhcpc: no lease, failing
[   43.589077] device wlan0 left promiscuous mode
[   43.592229] br-lan: port 2(wlan0) entered disabled state
[   44.410806] IPv6: ADDRCONF(NETDEV_UP): wlan0: link is not ready
[   44.479107] br-lan: port 2(wlan0) entered blocking state
[   44.483062] br-lan: port 2(wlan0) entered disabled state
[   44.488712] device wlan0 entered promiscuous mode
[   44.493202] br-lan: port 2(wlan0) entered blocking state
[   44.498262] br-lan: port 2(wlan0) entered forwarding state
[   44.540567] IPv6: ADDRCONF(NETDEV_CHANGE): wlan0: link becomes ready
[   70.462735] random: crng init done
